// Jest Snapshot v1, https://goo.gl/fbAQLP

exports[`ModalContent Tests ModalContent renders correctly 1`] = `
<View
  style={
    Array [
      Object {
        "flexGrow": 1,
        "paddingBottom": 16,
        "paddingHorizontal": 16,
      },
      undefined,
    ]
  }
/>
`;
