// Jest Snapshot v1, https://goo.gl/fbAQLP

exports[`Divider renders correctly 1`] = `
<View
  style={
    Array [
      Object {
        "backgroundColor": "#CFD1D5",
        "height": 1,
      },
      undefined,
    ]
  }
/>
`;
